// Jest Snapshot v1, https://goo.gl/fbAQLP

exports[`should render without error 1`] = `
<body>
  <div>
    <main
      class="svelte-1veuz41"
    >
      <p>
        Hello there ~ 🙌 Welcome to WeCount.
      </p>
       
      <button
        class="svelte-15wiqim"
        style=""
        type=""
        value=""
      >
        Sign Out
      </button>
       
      <button
        class="svelte-15wiqim"
        style=""
        type=""
        value=""
      >
        Toggle Theme
      </button>
    </main>
  </div>
</body>
`;
