// Jest Snapshot v1, https://goo.gl/fbAQLP

exports[`should render without error 1`] = `
<body>
  <div>
    <p>
      Intro
    </p>
     
    <button
      class="svelte-1eav0tq"
    >
      Sign Out
    </button>
     
    <button
      class="svelte-1eav0tq"
    >
      Toggle Theme
    </button>
  </div>
</body>
`;
